| app.bicep:16:1:24:2 | This role assignment grants excessive privileges: Contributor role assigned at subscription scope. Consider using a more restrictive role or narrowing the scope to specific resources. |
| app.bicep:27:1:35:2 | This role assignment grants excessive privileges: Owner role assigned at subscription scope. Consider using a more restrictive role or narrowing the scope to specific resources. |
| app.bicep:38:1:46:2 | This role assignment grants excessive privileges: Contributor role assigned at resource group scope. Consider using a more restrictive role or narrowing the scope to specific resources. |
| app.bicep:49:1:57:2 | This role assignment grants excessive privileges: User Access Administrator role assigned at resource group scope. Consider using a more restrictive role or narrowing the scope to specific resources. |