| app.bicep:17:1:27:1 | AppService[insecureWebApp] | Azure Web App is not configured with HTTPS-only mode, potentially allowing insecure HTTP connections. |
| app.bicep:43:1:53:1 | AppService[missingHttpsOnlyWebApp] | Azure Web App is not configured with HTTPS-only mode, potentially allowing insecure HTTP connections. |
