| app.bicep:8:24:8:28 | String | Database 'vulnerable-postgresql-tls10' is configured with weak TLS version '1.0'. Use TLS 1.2 or higher. |
| app.bicep:20:24:20:31 | String | Database 'vulnerable-mysql-tls11' is configured with weak TLS version 'TLS1_1'. Use TLS 1.2 or higher. |
| app.bicep:32:24:32:28 | String | Database 'vulnerable-sql-tls10' is configured with weak TLS version '1.0'. Use TLS 1.2 or higher. |
| app.bicep:43:24:43:32 | String | Database 'vulnerable-mariadb-tls11' is configured with weak TLS version 'TLS_1.1'. Use TLS 1.2 or higher. |
