| app.bicep:8:26:8:34 | String | Database 'vulnerable-sql-server' has public network access enabled, making it accessible from the internet. |
| app.bicep:19:26:19:34 | String | Database 'vulnerable-postgresql' has public network access enabled, making it accessible from the internet. |
| app.bicep:31:26:31:34 | String | Database 'vulnerable-mysql' has public network access enabled, making it accessible from the internet. |
