storage
| app.bicep:2:1:10:1 | StorageAccount[examplestorage1] |
| app.bicep:13:1:34:1 | StorageAccount[examplestorage2] |
| app.bicep:37:1:48:1 | StorageAccount[examplestorage3] |
| app.bicep:51:1:63:1 | StorageAccount[examplestorage4] |
| app.bicep:66:1:83:1 | StorageAccount[examplestorage5] |
| app.bicep:86:1:117:1 | StorageAccount[examplestorage6] |
poolDisks
| app.bicep:155:1:173:1 | DiskPools | app.bicep:120:1:133:1 | Disks |
| app.bicep:155:1:173:1 | DiskPools | app.bicep:136:1:152:1 | Disks |
diskEncryption
| app.bicep:136:1:152:1 | Disks | app.bicep:148:17:150:5 | EncryptionSettings |
accountEncryption
| app.bicep:51:1:63:1 | StorageAccount[examplestorage4] | app.bicep:59:17:61:5 | EncryptionSettings |
| app.bicep:66:1:83:1 | StorageAccount[examplestorage5] | app.bicep:74:17:81:5 | EncryptionSettings |
| app.bicep:86:1:117:1 | StorageAccount[examplestorage6] | app.bicep:94:17:115:5 | EncryptionSettings |
